/* $Header$ */
/* 
 * MBDyn (C) is a multibody analysis code. 
 * http://www.mbdyn.org
 *
 * Copyright (C) 1996-2017
 *
 * Pierangelo Masarati	<masarati@aero.polimi.it>
 * Paolo Mantegazza	<mantegazza@aero.polimi.it>
 *
 * Dipartimento di Ingegneria Aerospaziale - Politecnico di Milano
 * via La Masa, 34 - 20156 Milano, Italy
 * http://www.aero.polimi.it
 *
 * Changing this copyright notice is forbidden.
 *
 * This program is free software; you can redistribute it and/or modify
 * it under the terms of the GNU General Public License as published by
 * the Free Software Foundation (version 2 of the License).
 * 
 *
 * This program is distributed in the hope that it will be useful,
 * but WITHOUT ANY WARRANTY; without even the implied warranty of
 * MERCHANTABILITY or FITNESS FOR A PARTICULAR PURPOSE.  See the
 * GNU General Public License for more details.
 *
 * You should have received a copy of the GNU General Public License
 * along with this program; if not, write to the Free Software
 * Foundation, Inc., 59 Temple Place, Suite 330, Boston, MA  02111-1307  USA
 */

/*
 AUTHOR: Reinhard Resch <r.resch@a1.net>
        Copyright (C) 2013(-2019) all rights reserved.

        The copyright of this code is transferred
        to Pierangelo Masarati and Paolo Mantegazza
        for use in the software MBDyn as described
        in the GNU Public License version 2.1
*/

reference: ref_id_node1,
	# position
	reference, global, node1x, node1y, node1z,
	# orientation
	reference, global, euler123, node1Phix, node1Phiy, node1Phiz,
	# velocity
	reference, global, node1vx, node1vy, node1vz,
	# angular velocity
	reference, global, node1wx, node1wy, node1wz;

reference: ref_id_node2,
	# position
	reference, global, node2x, node2y, node2z,
	# orientation
	reference, global, euler123, node2Phix, node2Phiy, node2Phiz,
	# velocity
	reference, global, node2vx, node2vy, node2vz,
	# angular velocity
	reference, global, node2wx, node2wy, node2wz;

reference: ref_id_spring1,
        # position
        reference, global, spring1x, spring1y, spring1z,
        # orientation
        reference, global, eye,
							      
        # velocity
        reference, global, null,
        # angular velocity
        reference, global, null;	

reference: ref_id_spring2,
        # position
        reference, global, spring2x, spring2y, spring2z,
        # orientation
        reference, global, eye,
							      
        # velocity
        reference, global, null,
        # angular velocity
        reference, global, null;

reference: ref_id_spring3,
        # position
        reference, global, spring3x, spring3y, spring3z,
        # orientation
        reference, global, eye,
							      
        # velocity
        reference, global, null,
        # angular velocity
        reference, global, null;
